MO time_parameters NULL semaforo.v vlg7E/time__parameters.bin 1501076865
MO divider NULL semaforo.v vlg4B/divider.bin 1501076865
MO top_module NULL top_module.v vlg2C/top__module.bin 1501076865
MO walk_register NULL semaforo.v vlg4F/walk__register.bin 1501076865
MO fsm NULL semaforo.v vlg22/fsm.bin 1501076865
MO synchronize NULL semaforo.v vlg2C/synchronize.bin 1501034932
MO timer NULL semaforo.v vlg09/timer.bin 1501076865
